---
source: tui-components/examples/nori_storybook/tests.rs
expression: "rendered(&MenuStoryState::new(MenuStory::Action), 80, 24)"
---
"Overlay menu prototype  centered action                                         "
"tab next example   shift-tab previous example                                   "
"                                                                                "
"Session tra                                                                     "
"[host] tran  Choose how to continue                                             "
"[host] stat  Select one action                                                  "
"                                                                                "
"             ▏ Resume session                                     ▕             "
"             ▏ Continue the selected transcript                   ▕             "
"                                                                                "
"               Start a new session                                              "
"               Create an empty local session                                    "
"                                                                                "
"               Open read-only                                                   "
"               Inspect without changing state                                   "
"                                                                                "
"               Share session                                                    "
"               Unavailable for this session                                     "
"                                                                                "
"                 ↑↓/jk move  enter select  tab example  q close                 "
"                                                                                "
"                                                                                "
"                                                                                "
"                                                                                "
