---
source: tui-components/examples/nori_storybook/tests.rs
expression: "rendered(&state, 30, 12)"
---
"   Continue                   "
"   ↑ 1 more                   "
"     Start a new session      "
"     Create an empty          "
"     local session in…        "
"                              "
"   ▏ Open read-only       ▕   "
"   ▏ Inspect the          ▕   "
"   ▏ transcript without…  ▕   "
"   ↓ 1 more                   "
"   ↑↓/jk move  enter select   "
"     tab example  q close     "
