---
source: tui/src/nori/session_header.rs
expression: rendered
---
╭───────────────────────────────╮
│   _   _  ___  ____  ___       │
│  | \ | \/ _ \|  _ \|_ _\      │
│  |  \| | | | | |_) || |       │
│  | |\  | |_| |  _ < | |       │
│  \_| \_|\___/\_| \_\___|      │
│                               │
│ version:   v0.1.0             │
│ directory: /home/user/project │
│ agent:     claude-sonnet      │
│ profile:   senior-swe         │
╰───────────────────────────────╯
