---
source: tui/src/nori/session_header.rs
assertion_line: 282
expression: rendered
---
╭───────────────────────────────╮
│ Nori v0.1.0                   │
│                               │
│ directory: /home/user/project │
│ agent:     claude-sonnet      │
│ profile:   senior-swe         │
╰───────────────────────────────╯
