---
source: tui/src/nori/session_header.rs
assertion_line: 1068
expression: rendered
---
╭────────────────────────────────────────╮
│ Nori v0.1.0                            │
│                                        │
│ directory: /home/user/project          │
│ agent:     claude-code                 │
│ profile:   senior-swe                  │
│                                        │
│ Instruction Files                      │
│   /home/user/.claude/CLAUDE.md         │
│   /home/user/project/.claude/CLAUDE.md │
│   /home/user/project/CLAUDE.md         │
│   /home/user/project/CLAUDE.local.md   │
│   /home/user/project/AGENTS.md         │
│   /home/user/project/GEMINI.md         │
╰────────────────────────────────────────╯
