---
source: tui-pty-e2e/tests/prompt_flow.rs
expression: normalize_for_input_snapshot(session.screen_contents())
---
• Mock ACP options: Model=Mock Default Model, Thought Level=Medium (/config
to change)

› test prompt

• This is a custom test response from the mock agent.

› [DEFAULT_PROMPT]

                                                                        ⎇ master
