---
source: tui-components/src/picker/tests.rs
expression: "snapshot(&state, 62, 10)"
---
"                                                              "
"  Resume a session                                            "
"  Search ACP sessions or start fresh                          "
"  All  Local  Cloud                                           "
"  × Could not load options                                    "
"    ACP session/list timed out                                "
"                                                              "
"                                                              "
"        ↑↓/j/k move  / search  enter select  esc close        "
"                                                              "
