---
source: tui-components/src/picker/tests.rs
expression: "snapshot(&state, 86, 13)"
---
"                                                                                      "
"  Resume a session                                                                    "
"  Search ACP sessions or start fresh                                                  "
"  All  Local  Cloud                                                                   "
"                                                                                      "
"    Session                              Project             Updated     Turn         "
"  ● Fix parser recovery (current)        nori-cli            2m ago      working      "
"    Codex is implementing parser recovery                                             "
"  ◉ Improve Markdown tables              codex               18m ago     waiting      "
"    Waiting for user input                                                            "
"                                                                                      "
"  ↑↓/j/k move  / search  enter toggle  esc close                                      "
"                                                                                      "
