---
source: tui-components/src/picker/tests.rs
expression: "snapshot(&state, 62, 10)"
---
"                                                              "
"  Resume a session                                            "
"  Search ACP sessions or start fresh                          "
"  All  Local  Cloud                                           "
"                                                              "
"  ◇ No options available                                      "
"    The caller has not supplied any rows.                     "
"                                                              "
"  ↑↓/j/k move  / search  enter select  esc close              "
"                                                              "
