---
source: tui-components/src/picker/tests.rs
expression: "snapshot(&session_picker(), 48, 13)"
---
"                                                "
"  Resume a session                              "
"  Search ACP sessions or start fresh            "
"  All  Local  Cloud                             "
"    Session                         Updated     "
"  › Start a new session             now         "
"    Create a fresh ACP session                  "
"    Fix parser recovery (current)   2m ago      "
"    Codex is implementing parser recovery       "
"    Improve Markdown tables         18m ago     "
"    Waiting for user input                      "
"     ↑↓/j/k move  f, /, ctrl+f search  enter    "
"                                                "
