---
source: tui-components/src/picker/tests.rs
expression: "snapshot(&state, 86, 13)"
---
"                                                                                      "
"  Resume a session                                                                    "
"  Search ACP sessions or start fresh                                                  "
"  All  Local  Cloud                                                                   "
"  ⌕  mdtab                                                                            "
"    Session                              Project             Updated     Turn         "
"  › Improve Markdown tables              codex               18m ago     waiting      "
"    Waiting for user input                                                            "
"                                                                                      "
"                                                                                      "
"                                                                                      "
"                  ↑↓ move  type filter  enter select  esc stop search                 "
"                                                                                      "
