---
source: tui-components/src/motion/tests.rs
expression: terminal.backend().to_string()
---
"···· ···  ·· ·∘○∘∘····  ·· ·····"
"··∘···∘·  ∘···∘···∘···  ··∘···∘·"
"                                "
"∘···∘···  ··∘···∘···∘·  ∘···∘···"
" · · ···  ·· · · · ···  ·· · · ·"
"··∘·· ∘·  ∘·· · · · ··  ··· ··∘·"
"∘○○∘····  ·· · ··· ···  ·· ·∘○○∘"
"∘○○∘∘ ··  ··· ····· ∘·  ∘···∘○○∘"
"········  ············  ········"
"                                "
"········  ············  ········"
"· · · ··  ··· · · · ∘·  ∘·· · · "
