---
source: tui/src/chatwidget/tests/part4.rs
expression: terminal.backend()
---
"                                                                                                    "
"                                                                                                    "
"  Session Config                                                                                    "
"  Select an ACP session setting to change                                                           "
"                                                                                                    "
"› 1. Model (Mock Default Model)                                                                     "
"  2. Thought Level (Medium)                                                                         "
"                                                                                                    "
"  ↑/k ↓/j to navigate, enter to confirm, esc to go back                                             "
"                                                                                                    "
"                                                                                                    "
"                                                                                                    "
"                                                                                                    "
"                                                                                                    "
"                                                                                                    "
"                                                                                                    "
"                                                                                                    "
"                                                                                                    "
"                                                                                                    "
"                                                                                                    "
"                                                                                                    "
"                                                                                                    "
"                                                                                                    "
"                                                                                                    "
"                                                                                                    "
"                                                                                                    "
"                                                                                                    "
"                                                                                                    "
"                                                                                                    "
"                                                                                                    "
