---
source: tui-components/examples/status_card_storybook/e2e.rs
---
│                                                │
│ Status card specimen                           │
│ Background: Auto (derived) · Labels: colons ·  │
│ Content: Full · Density: Compact               │
│   › Nori CLI v0.1.0                            │
│                                                │
│   Directory:     ~/org/workspace/cli           │
│   Session:       Fix terminal hierarchy        │
│   Approvals:     Agent                         │
│   Skillset:      clifford                      │
│                                                │
│   Agent:         Claude                        │
│   Model:         Opus 5                        │
│   Reasoning:     xhigh                         │
│   Speed:         fast                          │
│                                                │
│   Git:           ⎇ main · +120 -8              │
│   Context:       44% used · 120K / 272K        │
│   Instructions:  2 files · ~2,450 tokens       │
│                                                │
│                                                │
│                                                │
│                                                │
│                                                │
│                                                │
│                                                │
│                                                │
│ b background  c colons  g green accent         │
│ d density  v summary/full  q / esc close       │
│                                                │
