---
source: tui-components/examples/status_card_storybook/e2e.rs
---
│                                                                                                                        │
│ Status card specimen                                                                                                   │
│ Background: Auto (derived) · Labels: plain · Green: Prompt marker                                                      │
│ Content: Summary · Density: Compact                                                                                    │
│   › Nori CLI v0.1.0                                                                                                    │
│                                                                                                                        │
│   System  ~/org/workspace/cli · Agent approvals · clifford                                                             │
│   Agent   Claude · Opus 5 · xhigh · fast                                                                               │
│                                                                                                                        │
│                                                                                                                        │
│                                                                                                                        │
│                                                                                                                        │
│                                                                                                                        │
│                                                                                                                        │
│                                                                                                                        │
│                                                                                                                        │
│                                                                                                                        │
│                                                                                                                        │
│                                                                                                                        │
│                                                                                                                        │
│                                                                                                                        │
│                                                                                                                        │
│                                                                                                                        │
│                                                                                                                        │
│                                                                                                                        │
│                                                                                                                        │
│                                                                                                                        │
│                                                                                                                        │
│                                                                                                                        │
│                                                                                                                        │
│                                                                                                                        │
│                                                                                                                        │
│                                                                                                                        │
│                                                                                                                        │
│                                                                                                                        │
│                                                                                                                        │
│                                                                                                                        │
│ b background  c colons  g green accent                                                                                 │
│ d density  v summary/full  q / esc close                                                                               │
│                                                                                                                        │
