---
source: tui-components/examples/status_card_storybook/e2e.rs
---
││
│ \x1b[1mStatus card specimen│
│\x1b[0m\x1b[39m\x1b[49m \x1b[38;5;8mBackground: Auto (derived) · Labels: colons · │
│\x1b[39m \x1b[38;5;8mContent: Full · Density: Compact\x1b[39m   │
│  \x1b[48;2;40;40;40m \x1b[1m\x1b[38;5;2m› \x1b[39mNori CLI\x1b[38;5;8m v0.1.0\x1b[39m                         \x1b[0m\x1b[39m\x1b[48;2;40;40;40m │
│\x1b[49m  \x1b[48;2;40;40;40m                                            │
│\x1b[49m  \x1b[48;2;40;40;40m \x1b[38;5;8mDirectory:   \x1b[39m  ~/org/workspace/cli         │
│\x1b[49m  \x1b[48;2;40;40;40m \x1b[38;5;8mSession:     \x1b[39m  Fix terminal hierarchy      │
│\x1b[49m  \x1b[48;2;40;40;40m \x1b[38;5;8mApprovals:   \x1b[39m  Agent                       │
│\x1b[49m  \x1b[48;2;40;40;40m \x1b[38;5;8mSkillset:    \x1b[39m  clifford                    │
│\x1b[49m  \x1b[48;2;40;40;40m                                            │
│\x1b[49m  \x1b[48;2;40;40;40m \x1b[38;5;8mAgent:       \x1b[39m  \x1b[38;5;3mClaude                     \x1b[39m │
│\x1b[49m  \x1b[48;2;40;40;40m \x1b[38;5;8mModel:       \x1b[39m  Opus 5                      │
│\x1b[49m  \x1b[48;2;40;40;40m \x1b[38;5;8mReasoning:   \x1b[39m  xhigh                       │
│\x1b[49m  \x1b[48;2;40;40;40m \x1b[38;5;8mSpeed:       \x1b[39m  fast                        │
│\x1b[49m  \x1b[48;2;40;40;40m                                            │
│\x1b[49m  \x1b[48;2;40;40;40m \x1b[38;5;8mGit:         \x1b[39m  ⎇ main · +120 -8            │
│\x1b[49m  \x1b[48;2;40;40;40m \x1b[38;5;8mContext:     \x1b[39m  44% used · 120K / 272K      │
│\x1b[49m  \x1b[48;2;40;40;40m \x1b[38;5;8mInstructions:\x1b[39m  2 files · ~2,450 tokens     │
││
││
││
││
││
││
││
││
│\x1b[49m \x1b[38;5;2mb\x1b[39m \x1b[38;5;8mbackground  \x1b[38;5;2mc\x1b[39m \x1b[38;5;8mcolons  \x1b[38;5;2mg\x1b[39m \x1b[38;5;8mgreen accent│
│\x1b[39m \x1b[38;5;2md\x1b[39m \x1b[38;5;8mdensity  \x1b[38;5;2mv\x1b[39m \x1b[38;5;8msummary/full  \x1b[38;5;2mq / esc\x1b[39m \x1b[38;5;8mclose│
││
