---
source: tui-components/src/detail/tests.rs
expression: "snapshot(22, 12)"
---
"  Session details     "
"                      "
"  Agent     Codex     "
"  Created   2026-08…  "
"                      "
"  Latest …  Investig  "
"            ate the   "
"            reusable  "
"            componen  "
"            t         "
"            boundary  "
"            without   "
