---
source: tui-components/src/detail/tests.rs
expression: "configured_snapshot(42, DetailDensity::Normal, DetailLayout::Columns,\nDetailRowPattern::Plain,)"
---
"  Session details                         "
"                                          "
"  Agent           Codex                   "
"                                          "
"  Created         2026-08-15 12:00        "
"                                          "
"  Latest prompt   Investigate the         "
"                  reusable component      "
"                  boundary without        "
"                  changing Handroll.      "
"                                          "
"  Latest respon…  The component stays     "
"                  stateless and           "
"                  consumer-owned.         "
