---
source: tui/src/nori/onboarding/trust_directory.rs
assertion_line: 359
expression: output
---
> You are running Nori in /workspace/project

  Since this folder is not version controlled, we recommend requiring
  approval of all edits and commands.

  1. Allow Nori to work in this folder without asking for approval
› 2. Require approval of edits and commands

  Press enter to continue
