---
source: tui-pty-e2e/tests/acp_mode.rs
assertion_line: 238
expression: normalize_for_input_snapshot(session.screen_contents())
---
╭────────────────────────────╮
│   _   _  ___  ____  ___    │
│  | \ | \/ _ \|  _ \|_ _\   │
│  |  \| | | | | |_) || |    │
│  | |\  | |_| |  _ < | |    │
│  \_| \_|\___/\_| \_\___|   │














› [DEFAULT_PROMPT]

  100% context left · ? for shortcuts
