---
source: tui-pty-e2e/tests/acp_tool_calls.rs
expression: normalize_for_input_snapshot(contents)
---
› Analyze code

• Analyzing the code.

• Tool [completed]: Running tests (execute)
  └ Command: cargo test
    Output: Tests passed

• Tool [completed]: Running lint (execute)
  └ Command: cargo clippy
    Output: No files found

────────────────────────────────────────────────────────────────────────────────

• Here is the final analysis result.

› [DEFAULT_PROMPT]

  ⎇ master · Approvals: Agent · ? for shortcuts
