---
source: tui-pty-e2e/tests/acp_tool_calls.rs
expression: normalize_for_input_snapshot(contents)
---
› Analyze code


• Analyzing the code.

• Ran 'Running tests(cargo test)'
  └ Tests passed

• Ran 'Running lint(cargo clippy)'
  └ No files found

────────────────────────────────────────────────────────────────────────────────

• Here is the final analysis result.


› [DEFAULT_PROMPT]

  ⎇ master · Approvals: Agent · ? for shortcuts
