---
source: tui-pty-e2e/tests/acp_tool_calls.rs
expression: normalize_for_input_snapshot(session.screen_contents())
---
■ Operation 'ListCustomPrompts' is not supported in ACP mode


› Read test.txt


■ Operation 'AddToHistory' is not supported in ACP mode

────────────────────────────────────────────────────────────────────────────────

• Test message 1Test message 2

• Ran 'Reading configuration file(/etc/config.toml)'
  └ Configuration loaded successfully

────────────────────────────────────────────────────────────────────────────────

• Tool call completed successfully.


› [DEFAULT_PROMPT]

  100% context left · ? for shortcuts
