---
source: tui-pty-e2e/tests/acp_tool_calls.rs
expression: normalize_for_input_snapshot(contents)
---
────────────────────────────────────────────────────────────────────────────────

• Reading multiple files...

• Tool [completed]: Reading file2.rs (read)
  └ Read: src/file2.rs
    Output: file2.rs read successfully

• Tool [completed]: Reading file3.rs (read)
  └ Read: src/file3.rs
    Output: file3.rs read successfully

• Tool [completed]: Reading file1.rs (read)
  └ Read: src/file1.rs
    Output: file1.rs read successfully

────────────────────────────────────────────────────────────────────────────────

• Multi-call exploring done.

› [DEFAULT_PROMPT]

  ⎇ master · Approvals: Agent · ? for shortcuts
