---
source: tui-pty-e2e/tests/acp_tool_calls.rs
expression: normalize_for_input_snapshot(session.screen_contents())
---
■ Operation 'ListCustomPrompts' is not supported in ACP mode


› Read test.txt


■ Operation 'AddToHistory' is not supported in ACP mode

─ Worked for 0s ────────────────────────────────────────────────────────────────

• Test message 1Test message 2

• Explored
  └ Read config.toml

─ Worked for 0s ────────────────────────────────────────────────────────────────

• Tool call completed successfully.


› [DEFAULT_PROMPT]

  ⎇ master · ? for shortcuts
