---
source: tui-pty-e2e/tests/prompt_flow.rs
expression: normalize_for_snapshot(session.screen_contents())
---
╰──────────────────────────────────────────╯

  To get started, describe a task or try one of these commands:

  /init - create an AGENTS.md file with instructions for Codex
  /status - show current session configuration
  /approvals - choose what Codex can do without approval
  /model - choose what model and reasoning effort to use
  /review - review any changes and find issues

─ Worked for 0s ────────────────────────────────────────────────────────────────

• Test message 1Test message 2


› [DEFAULT_PROMPT]

  100% context left · ? for shortcuts
