---
source: tui-pty-e2e/tests/prompt_flow.rs
expression: normalize_for_input_snapshot(session.screen_contents())
---
■ Operation 'ListCustomPrompts' is not supported in ACP mode


› Hello


■ Operation 'AddToHistory' is not supported in ACP mode

────────────────────────────────────────────────────────────────────────────────

• Test message 1Test message 2


› [DEFAULT_PROMPT]

  ? for shortcuts
