---
source: tui-pty-e2e/tests/prompt_flow.rs
assertion_line: 62
expression: normalize_for_input_snapshot(session.screen_contents())
---
■ Model 'nonexistent' has acp.only=true but is not registered as an ACP agent.
Known ACP models: mock-model, claude, claude-acp, gemini-2.5-flash, gemini-acp


› [DEFAULT_PROMPT]

  100% context left · ? for shortcuts
