---
source: tui-pty-e2e/tests/prompt_flow.rs
expression: normalize_for_input_snapshot(session.screen_contents())
---
Error: Model 'gpt-5.1-codex-mini' is not registered as an ACP agent. Set acp.allow_http_fallback = true to allow HTTP providers. Known ACP models: mock-model, claude, claude-acp, gemini-2.5-flash, gemini-acp
