---
source: tui-pty-e2e/tests/startup.rs
expression: normalize_for_input_snapshot(contents)
---
  _   _  ___  ____  ___ 
 | \ | |/ _ \|  _ \|_ _|
 |  \| | | | | |_) || | 
 | |\  | |_| |  _ < | | 
 |_| \_|\___/|_| \_\___|


  Welcome to Nori, your AI coding assistant

  Let's get you set up...


  Press Enter to continue
