---
source: tui-pty-e2e/tests/startup.rs
expression: normalize_for_input_snapshot(contents)
---
                                      
             _._:=++==+,_             
         _=,/*\+/+\=||=_ _"+_         
       ,|*|+**"^`   `"*`"~=~||+       
      ;*_\*',,_            /*|;|,     
     \^;/'^|\`\\            ".|\\,    
    ~* +`  |*/;||,           '.\||,   
   +^"-*    '\|*/"|_          ! |/|   
   ||_|`     ,//|;|*            "`|   
   |=~'`    ;||^\|".~++++++_+, =" |   
    _~;*  _;+` /* |"|___.:,,,|/,/,|   
    \^_"^ ^\,./`   `^*''* ^*"/,;_/    
     *^, ", `              ,'/*_|     
       ^\,`\+_          _=_+|_+"      
         ^*,\_!*+:;=;;.=*+_,|*        
           `*"*|~~___,_;+*"           
                                      

  Welcome to Codex, OpenAI's command-line coding agent

> You are running Codex in [TMP_DIR]

  Since this folder is version controlled, you may wish to allow Codex to work
  in this folder without asking for approval.
