---
source: tui-pty-e2e/tests/streaming.rs
expression: normalize_for_snapshot(session.screen_contents())
---
│ >_ OpenAI Codex (v0.0.0)                 │
│                                          │
│ model:     mock-model   /model to change │
│ directory: [TMP_DIR]        │
╰──────────────────────────────────────────╯

  To get started, describe a task or try one of these commands:

  /init - create an AGENTS.md file with instructions for Codex
  /status - show current session configuration
  /approvals - choose what Codex can do without approval
  /model - choose what model and reasoning effort to use
  /review - review any changes and find issues


› testing!!!


• Working (0s • esc to interrupt)


› [DEFAULT_PROMPT]

  100% context left · ? for shortcuts
