---
source: tui-pty-e2e/tests/streaming.rs
expression: normalize_for_input_snapshot(session.screen_contents())
---
  Run 'npx nori-ai install' to set up Nori AI enhancements

■ Operation 'ListCustomPrompts' is not supported in ACP mode


› testing!!!


■ Operation 'AddToHistory' is not supported in ACP mode

─ Worked for 0s ────────────────────────────────────────────────────────────────

■ Conversation interrupted - tell the model what to do differently. Something
went wrong? Hit `/feedback` to report the issue.

────────────────────────────────────────────────────────────────────────────────

• Streaming...


› [DEFAULT_PROMPT]

  ctrl + c again to quit
