---
source: tui-components/src/menu/tests.rs
expression: "snapshot(&mut shortcut_narrow, 40, 12, \"Choose a session action\",\nSome(\"Shortcuts activate immediately\"))"
---
"    Choose a session action             "
"    › 1  Resume session                 "
"         Supporting copy for            "
"         Resume session                 "
"                                        "
"      2  Start a new session            "
"         Supporting copy for Start      "
"         a new session                  "
"                                        "
"    ↓ 3 more                            "
"       ↑↓/jk move  enter select  q      "
"                  close                 "
