---
source: tui-components/src/menu/tests.rs
expression: "snapshot_with_presentation(&mut action, 80, 24, \"Choose how to continue\",\nSome(\"Dense spacing with alternating item surfaces\"), MenuDensity::Dense,\nMenuRowPattern::Zebra,)"
---
"                                                                                "
"                                                                                "
"                                                                                "
"                                                                                "
"                                                                                "
"            Choose how to continue                                              "
"            Dense spacing with alternating item surfaces                        "
"                                                                                "
"            › Resume the selected transcript without changing its…              "
"              Continue the selected transcript                                  "
"              Start a new session                                               "
"              Supporting copy for Start a new session                           "
"              Open read-only                                                    "
"              Supporting copy for Open read-only                                "
"              Share session                                                     "
"              Supporting copy for Share session                                 "
"                                                                                "
"                        ↑↓/jk move  enter select  q close                       "
"                                                                                "
"                                                                                "
"                                                                                "
"                                                                                "
"                                                                                "
"                                                                                "
