---
source: tui/src/bottom_pane/chat_composer/tests/mod.rs
expression: terminal.backend()
---
"                                                                                            [ Plan ]"
"› Ask Nori to do anything                                                                           "
"                                                                                                    "
"                                                                                                    "
"                                                                                                    "
"                                                                                                    "
"                                                                                                    "
"                                                                                                    "
"  ? for shortcuts                                                                                   "
