---
source: tui/src/bottom_pane/chat_composer/tests/mod.rs
assertion_line: 43
expression: terminal.backend()
---
"                                                                                                    "
"› $w                                                                                                "
"                                                                                                    "
"                                                                                                    "
"                                                                                                    "
"                                                                                                    "
"                                                                                                    "
"  writing-plans  Write an implementation plan                                                       "
