---
source: tui/src/nori/session_header.rs
assertion_line: 2117
expression: rendered
---
╭──────────────────────────────────────────────────────────────╮
│ Nori CLI v0.1.0                                              │
│                                                              │
│ directory: /home/user/project                                │
│ agent:     claude-sonnet                                     │
│ skillset:  senior-swe                                        │
│                                                              │
│ Instruction Files                                            │
│   /home/user/project/.claude/settings.md                     │
│   total                                        ~2,450 tokens │
╰──────────────────────────────────────────────────────────────╯
