---
source: tui/src/nori/session_header/tests.rs
expression: rendered
---
  › Nori CLI v0.1.0

  Directory    /home/user/project
  Agent        claude-sonnet
  Skillset     senior-swe

  Instructions  /home/user/project/.claude/settings.md            ~2,450 tokens
               1 file · ~2,450 tokens
