---
source: tui/src/nori/session_header/tests.rs
expression: rendered
---
/status

  › Nori CLI v0.0.0

  Task         Fix auth bug

  Directory    /home/user/project
  Session      11111111-2222-3333-4444-555555555555
  Forked from  22222222-2222-2222-2222-222222222222
  Title        Fix login flakes
  Agent        claude-sonnet
  Skillset     (none)
  Approvals    Agent
  Mode         Plan
  Git          ⎇ feat/status-card (worktree: good-ash-20260205) +120 -8 !

  Instructions  ~/.claude/CLAUDE.md

  Context      73% left (43.0K used / 272K)
  Tokens       123K total (32.0K cached)
