---
source: tui/src/nori/session_header/tests.rs
expression: rendered
---
/status

╭─────────────────────────────────────────────────────────────────────────╮
│ Nori CLI v0.0.0                                                         │
│                                                                         │
│ Task: Fix auth bug                                                      │
│                                                                         │
│ directory:   /home/user/project                                         │
│ session:     11111111-2222-3333-4444-555555555555                       │
│ forked from: 22222222-2222-2222-2222-222222222222                       │
│ title:       Fix login flakes                                           │
│ agent:       claude-sonnet                                              │
│ skillset:    (none)                                                     │
│ approvals:   Agent                                                      │
│ mode:        Plan                                                       │
│ git:         ⎇ feat/status-card (worktree: good-ash-20260205) +120 -8 ! │
│                                                                         │
│ Instruction Files                                                       │
│   ~/.claude/CLAUDE.md                                                   │
│                                                                         │
│ Tokens                                                                  │
│   Context: 73% left (43.0K used / 272K)                                 │
│   Tokens: 123K total (32.0K cached)                                     │
╰─────────────────────────────────────────────────────────────────────────╯
