---
source: tui/src/nori/session_header.rs
expression: rendered
---
/status

╭─────────────────────────────────────╮
│ Nori CLI v0.0.0                     │
│                                     │
│ Task: Fix auth bug                  │
│                                     │
│ directory: /home/user/project       │
│ agent:     claude-sonnet            │
│ skillset:  (none)                   │
│ approvals: Agent                    │
│                                     │
│ Instruction Files                   │
│   ~/.claude/CLAUDE.md               │
│                                     │
│ Tokens                              │
│   Context: 77.0K (27%)              │
│   Tokens: 123K total (32.0K cached) │
╰─────────────────────────────────────╯
