---
source: tui/src/nori/resume_session_picker.rs
expression: "component_picker_snapshot(&params, 124, 15)"
---
"                                                                                                                            "
"  Sessions                                                                                                                  "
"  Resume a live session or start a new one                                                                                  "
"    Session                     Source     Working directory    Updated              Details                                "
"  › Start a new session         CLI        Not reported         now                                                         "
"    Build TUI components        Local      /workspace/nori/cli  2020-01-15 10:30     Action          Create a fresh AC…     "
"    slack · claude              Unknown    Not reported         2020-01-14 10:30     Existing sess…  No session will b…     "
"                                                                                                                            "
"                                                                                                                            "
"                                                                                                                            "
"                                                                                                                            "
"                                                                                                                            "
"                                                                                                                            "
"                                       ↑↓/j/k move  / search  enter select  esc close                                       "
"                                                                                                                            "
