---
source: tui/src/nori/resume_session_picker.rs
expression: "component_picker_snapshot(&params, 104, 14)"
---
"                                                                                                        "
"  Resume previous session                                                                               "
"  Search by first message or session id                                                                 "
"  ⌕  First message or session id                                                                        "
"    Session                              First message                       Turns    Updated           "
"  › 2025-01-27 12:00 · 4 turns           Build the reusable picker           4        2025-01-27 12:00  "
"    2025-01-26 10:00 · 2 turns           Improve Markdown tables             2        2025-01-26 10:00  "
"                                                                                                        "
"                                                                                                        "
"                                                                                                        "
"                                                                                                        "
"                                                                                                        "
"                                    ↑↓ move  enter select  esc close                                    "
"                                                                                                        "
