---
source: tui/src/nori/resume_session_picker.rs
expression: "component_picker_snapshot(&params, 124, 15)"
---
"                                                                                                                            "
"  Sessions                                                                                                                  "
"  Resume a live session or start a new one                                                                                  "
"   / Title, path, status, or session id                                      Details                                        "
"    Session             Working directo…  Updated           Turn status                                                     "
"  › Start a new sessi…  Not reported      now               ready                    Action │ Create a fresh ACP session    "
"    Create a fresh ACP session                                               Existing sess… │ No session will be claimed…   "
"    Build TUI compone…  /workspace/nori…  2020-01-15 10:30  working                                                         "
"    /workspace/nori/cli · working                                                                                           "
"    slack · claude      Not reported      2020-01-14 10:30  waiting                                                         "
"    Remote session · waiting                                                                                                "
"                                                                                                                            "
"                                                                                                                            "
"                                              ↑↓ move  enter select  esc close                                              "
"                                                                                                                            "
