---
source: tui/src/chatwidget/tests/part3.rs
expression: terminal.backend().vt100().screen().contents()
---
  Would you like to allow edit: Write README.md?

  README.md (+2 -0)

    1 +hello
    2 +world

› 1. Yes, proceed (y)
  2. Yes, and don't ask again for this tool (a)
  3. No, and tell the agent what to do differently (esc)

  Press enter to confirm or esc to cancel
