---
source: tui/src/chatwidget/tests/part2.rs
expression: popup
---
  Replace goal?
  New objective: Replacement goal

› 1. Replace current goal  Set the new objective and start it now
  2. Keep current goal     Leave the current objective unchanged

  ↑/k ↓/j to navigate, enter to confirm, esc to go back
