---
source: tui/src/history_cell/mod.rs
expression: "wide.iter().map(Line::to_string).collect::<Vec<_>>().join(\"\\n\")"
---
• A deliberately long paragraph with a long clickable link
  (https://example.com/a/very/long/path) before a table.
  Name    Description                    
  ━━━━━━  ━━━━━━━━━━━━━━━━━━━━━━━━━━━━━━━
  resize  a deliberately long explanation
