---
source: tui-components/examples/motion_storybook/e2e.rs
expression: terminal.backend().to_string()
---
"⠩⠅⠉⠩⠩⠠⠈  ⠌  ⠄⠄⠍⠅⠅⠅⠅⠅⠁⠅⠁⠅⠅⠅⠁⠅⠅⠄ ⠅⠉⠅⠭⠅"
"· ∘   · ∘ ∘⠅○⠁·⠅∘ ·⠁·⠄·⠅ ⠁·⠁ ⠄·⠅∘⠅·⠉"
"⢁·⠉ ⠁∘⠉⢀⠉∘⠑⠄⠉·⠍⢀⠕·⠕⠅⠁ ⠁⠅⠅ ⠁⠅⠅·⠅⠅⠅∘⠅⢕"
"○⢄·⠐·⢀·⠈·⠄·⢔∘⢅ ⢅∘⠁·⠄·⠁ ⠁·⠅ ⠅·⠄·⠅· ·⢅"
"⠁⢀⠑   ⠑ ⠑⠐⠑⢁⠁⠐⠑⠄⠑ ⠁⠄⠅⠄⠁⠅⠁⠄⠁⠄⠅⠅⠅⠁⠁⠄⠅⢑"
" ⠐·⠐ ⢀· ·⢀·⢐ ⢁·⠄·⢐ ⠅ ⠅·  ⠄ ⠄·⠅·⠅·⠄·⠄"
"⢑ ⠁⠐⢀ ⢐⢐⢑·⠁⢀⠁·⠑⠄⠓ ⠑⠄⠁ ⠁ ⠁ ⠁⠁⠁ ⠁ ⠑·⠁⢁"
"·⢀·⠐·⢐ ⢐·⠐ ⠐·⠐ ⢀·⢐  ·   ·   ·⢀· ·  ⠐"
"⢑⢐⠁ ⠐⢀⢐⠐⢑⢐⠑⢐⠑ ⠑⢐⠁⢔⠁⠄⠁⡀  ⠂ ⠁ ⠁ ⠓ ⢑ ⠑⠐"
" ⠐· ·⢐·⢀·⢀·⢀· ·  ⠄· ·  ⠄  · · · ·⠐·⢀"
"⢀·  ⠐·⢀⢐ ·⠁⢔⠐·⢀⠐⠁ ⠁⠁⠁ ⠁⡅  ⠁⠁⠁·⠁ ⠁·⠁⢔"
"·⠐· · ∘ ∘⢔·⢔∘⢅·⠄·⢅∘⠁· ·⠅·⠅·⠄·⠄·⢄·⠄·⢔"
"⠁⠠⠁⠐⢙⠘⠑⢀⠁⠐⠁⢀⠁⢄⠕⢕⠕⠄⠇⠄⠄⠅⠅⠄⠅⠅⠅⠄⠅⠄⠁⠅⠑⠅⠁⢄"
"·⢕·⠐○⠔○⠠· ·⠈·⠄·⠁·⠄·⠅ ⠅·⠄·⠄·⠁·⠅·⢄∘⠤∘⠍"
"⠍·  ⠁·⠁ ⠁●⠁⠅⠁○⠁⠄⠁·⠅⠅⠅ ⠅⠅⠅ ⠅⠄⠁ ⠁⠄⠅○⠅ "
"○⠅· ·⠈○⠠· ○⠅·⠅∘⠅·⠅·⠁·⠁ ⠄·⠄·⠅· ∘⠅○⠄  "
"⠁⠁⠍⠠⠠ ⠈      ⠁⠉⠍⠅⠅⠅⠅⠁⠅⠅⠁⠁⠄⠅ ⠅⠄⠅⠅⠅⠁⠅⠁"
"○⠌○⠄●⠬∘ ○⠤∘⠄· ∘⠥·⠤·⠅·⠄·⠄·⠅·⠅·⠄·⠅·⠄·⠩"
"⠁○⠍⠠⠁·⠁ ⠉○⠉ ⠍∘⠉⠥⠅·⠅⠅⠁·⠅⠄⠁ ⠅⠅⠁ ⠁⠅⠅ ⠁ "
"·⢡∘⢤○⠄·⠨∘⠉○⠌∘⠄∘⠄·⠄·⠅∘⠅·⠅·⠅·⠅·⠅·⠅∘⠅∘⠅"
