---
source: tui-components/examples/motion_storybook/e2e.rs
---
│⢀ ⢐⢐⢐ ⠁⠑⢁⠄⠄⠕⠅⢄⠄ ⠅⠅⠅⠅⠁⠄⠅⠄⠁⠅⠁⠅⠐⠁⠁⠄⢑⠅⢁⢀⠁ ⠐⠐⢀ ⢑⢁⠁ ⠁⠅⠅⠅⠅⠄⠁⠅⠅ ⠇⠅⠁⠅⠁ ⠁⠅⠅⠔⢁⠔⠑⢤ ⠄⠐⢀⠠⢰ ⠐   ⠄⠕⢅⠅⠄⠅⠅⠅⠅⠄⠄⠅⠄⠅⠁⠅⠅⠅⠁│
│○ ·⢰∘ ·⢄∘⠅· ·⠄·⠅·⠅·⠅ ⠅  ·⠄·⠅·⢅·⠐·⠄○⢀○⠬○⠐·⢀·⠐∘⢄∘⠅∘⠄·⠅·⠅·⠅   ⠅ ⠅·⠄·⠄·⠔∘⠄·⠐·⠐·⢀∘⠠·⢀·⠄·⠄ ⠄∘⠁·⠅·⠄ ⠅ ⠄·⠅· │
│⠡·⠁ ⠈·⠅⠄⠉·⠅⠅⠅·⠅⠄⠅·⠁⠄⠅ ⠁⠅⠁·⠁⠅⠁·⠥⠄⠁·⠁ ⠁○⠁  ○⠑⠤⠝∘⠅⠄⠁·⠅⠅⠅·⠅⠅⠁ ⠅ ⠁·⠅⠅⠁·⠁⠄⠕∘⢑⠠⠉·⠁ ⠈·⠑⠄⠅·⠑⠁⠝·⠅⠅⠁·⠁⠅⠅ ⠅⠄⠅·⠅⠄│
│· ○ ∘⠠·⠅●⠅·⠅∘⠄∘⠄·⠁ ⠅·⠅·⠄·⠅·⠅∘⠅∘⠅○⠅○ ○ ○ ○ ○⠡·⠄·⠄· ·⠅·⠄ ⠅·⠅ ⠅·⠄·⠅·⠅∘⠅●⠤  · ∘ ∘ ●⠅○⠅·⠅·⠅·⠄·⠁·⠅·  ⠄·⠄·⠄│
│⠉ ⠁ ⠠⠈⠉⠤⠁⠍⠁⠅⠅⠅⠅⠁⠁⠄⠅⠅⠁⠅⠅⠅⠅⠅⠅⠅⠅⠄⠁⠥⠅⠄⠁⠄⠡ ⠁  ⠄⠁⠄⠉⠤⠅⠅⠅⠅⠁⠄⠁⠅⠅⠄⠅⠅⠁⠅⠅⠅⠅⠄⠅⠥⠅⠅⠥⠅⠁ ⠩ ⠡⠠ ⠨⠉⠨⠁⠌⠉⠅⠅⠅⠅⠄⠁⠄⠁ ⠁⠄⠅⠁⠅⠅⠅⠄│
│∘⠈○ ●⠤·⠁∘ ·⠄·⠅∘⠅ ⠁·⠁ ⠄·⠅  ·⠁∘⠅●⠅○⠤·⠈∘⠈·  ⠠∘⠌·⠅∘⠁∘⠅·⠄ ⠅ ⠄ ⠅·⠄ ⠅·⠅·⠄∘⠥∘⠄∘⠄●⠈· · ·⠤· ∘⠥∘⠄∘⠄·⠅·⠅ ⠅·⠅ ⠅·⠄│
│⠁·⠁⠄ ○⠁⠤⠅∘⠅⠅⠅·⠅⠄⠅·⠅⠅⠁·⠄⠄⠅·⠅⠅⠅ ⠁⠄⠅·⠁⠌⠉·⠡⠠ ∘ ⠬⠁∘⠍⠅⠅·⠁⠅⠅·⠁⠅⠅·⠅⠅⠅·⠅⠄⠅·⠅⠅⠁○⠉⠁⠉·⠁ ⠈  ⠥⠁·⠁⠁⠁○⠅⠁⠅·⠁⠁⠅ ⠁⠁⠅·⠁ │
│● ·⠤· ·⠈∘⠄·⠁∘⠅·⠅·⠁ ⠁·⠁·⠅·⠅·⠄·⠅·⠅○⠅∘⠩●⠠∘ ○⠈○ ○⠄○⠅∘⠅·⠅·⠅·⠅·⠅·⠅·⠄·⠅∘⠅●⠅· ●⠅· ∘ · ○⠁∘⠅·⠄∘⠁·⠅·⠅·⠅·⠄ ⠅·⠅·⠅│
│⠉⢀⠉⠠  ⠉⢅⠕⠄⠁⠄⠁⠅⠁⠁⠅⠅⠅⠅⠅⠅⠄⠅⠁⠅⠅⠅⠡⢅⠁⠌⠁ ⠁⠄⢁ ⢁ ⠐ ⠁⠅⠥⠁⠅⠅⠅ ⠁⠁⠅⠄⠅⠅⠅⠅⠅⠁⠅⠄⠅⠅⠅⠥⠅⠍⠁⠤⠁⠄⠁⠈⠉ ⠠ ⠁⠁⢁⠅⠅⠅⠅⠔⠅⠄⠕⠅⠅⠅⠅⠅⠁⠁⠅⠄⠁⠅│
│∘⠐·⢈∘⠁ ⢀·⢄·⠅·⠅·⠅·⠅·⠅ ⠅·⠅  ·⠅  ∘⠕·⠁∘⠁·⠐·⢀· ∘⠄·⠉∘⢀∘⠁∘⠅·⠅·⠅ ⠅ ⠅·⠅·⠅·⢕·⢕∘⠄∘⢁∘ ●⠘  ·⢅·⠔∘⢔∘⠅·⠄·⠅·⠅·⠅ ⠁·⠄·⠅│
│⠐○⠙⠐⠑·⢑⢄⠅·⠅⢄⠅·⠅⠅⠁ ⠁⠁⠅ ⠄ ⠁ ⠕⠄⠙ ⢁⢄⠱·⠁⠐   ⠈ · ⠔⠐∘⠁⢁⠄ ⠁⠄⠁ ⠁   ⠁⠅⠅·⠅⠅⠁·⠑⢅⠑·⢁⢐⢀  ⠐⠐  ⢁  ⠑⢄⠄ ⢕⠁⠁ ⠁⠅⠅ ⠁⠅⠅·⠅⠁│
│·⢐∘ ·⢄·⠑·⢀·⠅·⠄·⠁·⠅·⠅·⠁·⠄· ·⠅·⠁∘⠄·⢀∘ · ∘ ·⢐·⢁·⠐·⠄·⠄·⠄·⠄·⠅·⠄·⠄·⠅·⢅∘⠄·⢑·⢀·⢄∘⢐·⠐·⠄·⢐·⢄·⠕· ·⠁·⠄·⠆·⡅· · ·⠄│
│⠑⢐⢐⢀⠑ ⠑ ⢑ ⠕⠅⠁⠄⠁⠄⠁⠅⠁ ⠁⠁⠁⠅⠁ ⠑⠕⠁⢐⠁ ⠁⠐⠁⠐⢁⢀⢐ ⢑⢀⢑⢐⠁⢁⠑⠄⠕⢔⠁⠅⠑⠅⠅ ⠅⠄⠃⠄⠁⠅⠁⠅⠑⠕⢑⠄⠑⠔⢁⢀⠁⢐ ⢀⠑⠐⠑⢔⠑⢁⠕⠑⢑⠁⠕⢁⠁ ⠁⠄⠁⠄⠃⠅⠃⠄⠁⠁│
│·⢐· ·⢀·⢀· ·⠄· · ·⠄·   ·⠄·⢀· · ·⢐·⠄·⠐·⢀·⠐·⢐·⢀·⠐·⠄· ·⠄·⠄·   ·⠁·⢄· · ·⢀·⢀·⠐· · ·⢐·⢀·⢀·⠄·⢐·⢀·⠂·   ·⠄·⠄·⢀│
│⢁ ⠐⠐⢁ ⠁⠐⠁ ⢑⠐⠑ ⠑ ⠃ ⠃   ⠁⠂⠁ ⢁⢀⢁ ⢑⢐⠑ ⠑⠐⢑ ⢐⢐⢁ ⢁⠐⢑ ⢑⢀⠁ ⠁ ⠃ ⠃ ⠂ ⠁ ⠃ ⠓⠐⠁ ⠁⠐⠑ ⠁ ⢑ ⠐⢀⢁ ⠑⠐⠑ ⢁⢐⠁ ⠁⢀⠑ ⠁⡀  ⠁ ⠃ ⠁ │
│·⢐  ·⢐  ·⢀  ·   ·  ⠄·   ·⢀ ⢐·⢀ ⠐·⢐  ·⢀ ⠐·⢐ ⢀· ·⢀·⢀  ·⡀  ·   ·   ·  ⠐·⢀  ·   ·⢀ ⢀·⢐  ·   ·   ·   ·   │
│ ⢀ ⢐⠐⢐ ⠐⠑⠐⠁⠐⠑⠄   ⠄⠃ ⠁ ⠁     ⠁ ⠑ ⠑⠐⢐ ⢐⢐⠐⢀ ⢀⠐⢀    ⠁⠄⠁   ⠁⠄⠁     ⠓  ⠐⠐⢀⢀⠐⢀ ⢐⢐⠁⢐⢐ ⢐ ⠑ ⠐ ⠐        ⠄ ⠄⠁ ⠑⠄│
│∘⢐∘⢀∘⢐·⠑·⢄·⠄ ⠄·⠄·⠁·⠄· ·⠄·⠄·⠕·⢀·⠄·⢐∘⠄∘ ·⢐·⢐∘⢔·⢄·⠐  ·⠁·⠄·⡅·⠄·⠁·⠅· ·⠄·⢔·⠔·⢀·⢐·⢀∘⢀·⢀·⢄∘⠔  ∘⠄·⠅·⠅·⠄·⠅·⠅·⠄│
│⠁·⠙⢀⢑·⢑ ⠁ ⠕⢕⠅ ⠅⠄⠅ ⠁⠄⠁ ⠅⠄⠅ ⠑⠄⠅ ⠑ ⠑·⢁ ⠁·⢑ ⢑∘⠁⢔⠅∘⠑⠄ ·⠕⠁⠁ ⠁⠁⠁ ⠁ ⠁ ⠅⢄⠁·⠕⢔ ∘⠅ ⠁∘⢑ ⠁·⠑⢄⢁·⠁ ⠁·⠅⠅⠅·⠁ ⠃ ⠇⠄⠅ ⠁⠁│
│·⢐·⢴∘ ∘⠁·⢵∘⠕○⠄·⠅·⠅·⠅·⠅·⠅·⠄·⠄·⢅ ⢁·⠠·⠐∘⠘·⢠∘⠔∘⢀·⢄∘⢕○⠄·⠄·⠅·⠄·⠅·⠄·⠄·⠅○⠅∘⢄·⠐∘⠄·⠐○⢀∘⢐∘ ·⢄∘⠁·⠑·⢄·⠄·⠅·⠅·⠅·⠅·⠄│
│⢁⢀⠁ ⠁⠄⠑⠄⠱⠄⠅⠄⠁⠅⠅ ⠁⠅⠅⠄⠅⠄⠅⠅⠁⠄⠁⠄⠁⠁⠁⠁ ⢵⠑⠐⠡⠔⠉⠠⠁ ⠙⠈⠁⠄⠁⠁⠁⠄⠁⠅⠅⠅⠁⠄⠁⠄⠅⠁⠅⠅⠅⢄⠅⠤⠍⠍⠉⢍⠙⠄⠙⠄⠡⠈⠡⠠⠁⢠⠁⠄⠍ ⠁ ⠑⠄⠅ ⠅⠄⠁⠅⠁⠄⠁⠄⠁⠄│
│●⠠  ∘⠁●⠅○⠅ ⠅○⠁·⠅ ⠅ ⠅ ⠅ ⠄·⠄  ·⠅∘⠅·⠅○ ∘ ○  ⠨○⠅ ⠥○⠄ ⠅·⠅·⠄·⠁ ⠄ ⠄·⠅· ·⠅  ∘⠥    ∘ · ∘⠈∘⠈·⠅ ⠅·⠅·⠅·⠅ ⠄·⠅ ⠄·⠅│
│⠁● ⠤⠈○ ⠅⠁·⠉⠄⠅ ⠅⠄⠅·⠅⠅⠅ ⠅⠅⠁·⠅⠁⠅·⠈⠅⠉·⠁  ·⠠⠠ ·⠉⠅⠁∘⠅⠅⠁·⠅⠁⠁·⠅⠄⠄·⠅⠅⠅·⠅⠅⠅·⠅ ⠅·⠉⠈ ∘⠉⠠ ∘⠉  ∘⠁⠄⠅·⠁⠁⠅·⠅⠅⠅·⠅⠅⠅·⠄⠅│
│· ·⠈∘⠄·⠅○⠄·⠅·⠅∘⠁·⠁·⠅·⠅·⠅· ∘⠅·⠈· ·⠁○⠡● · ○⠄  ·⠁ ⠍·⠅·⠅·⠅·⠁·⠄  ·⠄·⠅·⠁·⠁∘⠅∘⠄·⠩○ ·⠈∘⠤· ○⠄· ·⠅·⠅·⠅· ·⠅·⠄·⠅│
│⠩⠠⠁⠬⠁ ⠁⠅⠅⠅⠁⠅⠅⠅⠅⠁⠁⠅⠁⠅⠅⠅⠅⠅⠁⠅⠅⠅⠁⠁⠁⠄⠅⠄⠁⠄⠡⠬⠁ ⠩⠤⠉⠌⠁⠄⠅⠥⠁⠄⠅⠅⠁⠄⠁⠄⠅⠅⠁⠅⠅⠄⠅⠅⠅⠄⠍⠉⠅⠩⠁ ⠁⠄⠁⠨⠩⠨⠁⠤⠅⠄⠉ ⠁⠄⠅⠅⠅⠅⠅⠄⠅⠅⠅⠅⠅⠅⠅⠅│
│○ ∘⠈·⠍·⠤∘⠁·⠥·⠅·⠅·⠁·⠁ ⠅·⠄·⠅·⠄ ⠁○⠅·⠭·⠠·⠈· ·⠭· ∘⠍∘⠥∘⠄·⠅ ⠄·⠄ ⠅·⠅·⠅∘⠅·⠅· ∘⠅●⠬·⠡∘⠨● ·⠄○⠤○⠤·⠁·⠄·⠅·⠅  ·⠅·⠅·⠅│
│⠁∘⠉ ⠉∘⠁⠅⠍·⠅⠅⠁·⠅⠅⠅ ⠅⠅⠅·⠅⠅⠅·⠅⠁⠁·⠅⠄⠁●⠁⢤⠉·⠉⠈⠉∘⠁⠈⠁∘⠁⠄⠁∘⠁⠅⠅·⠅⠅⠅ ⠁⠁⠁ ⠁⠅⠁ ⠉⠅⠕ ⠩⠤⠁ ⠁⠈⠁∘⠁⠈⠁∘⠅⠤⠁∘ ⠄⠁·⠁⠅⠅ ⠅⠄⠅ ⠁ │
│∘⠈·⢀·   ·⠅·⠅·  ⠅·⠄ ⠅·⠅ ⠅·  ⠁∘⠅·⢄○⢠○⠠∘ ∘⢘·⢀·⢀·⠅·⠄·⠅·⠁·⠅ ⠄·⠁ ⠅·⠁·⠄·⠅· ·⠁○⢠● · ○ ●⢀∘⠄·⠅·⠁·⠄· ·⠄·⠅ ⠅·⠁·⠅│
│⠉⢐⢉⠘⠙⢤⢉⠔⠁⠅⠁⠅⠁⠄⠅⠅⠅⠁⠁⠅⠁⠄⠁⡅⠁⠅⠁⠅ ⠤⠕⢄⠁⢄⠑⠝⢙⠤⢙ ⠉⢀⠁⢅⠁⠕⠝⠔⠁⢁⠁⠅⠁⠄⠅⠁⠁⠁⠅⠅⠅⠅⠅⠕⠄⠐⢁⠅⠑⠅⠉⢄⠱⢐⠑⢠⢑ ⢉⠁⢑⠄⠐⠑⠁⠄⠕⠕⠅⠅⠅ ⠅⠅⠅⠄⠅⠄⠅⠅│
│  ·⢀ ⠍∘ ∘⠁∘⠄  ·⠄·⠁·⠅ ⠄·⠅  ·⠅·⢄∘⢔·⠅∘⠐·⠐·⢐·⢀·⠔ ⢀∘⢅ ⠅·⠄·⠅·⠅ ⠅·⠄·⠄·⠄·⠄·⢄·⠐· ·⢐∘⢀· ·⢔∘⢕·⠄ ⢄∘⠅·⠅·⠄  ·⠅·⠄· │
│⠑·⢑⢀⢑·⢑⢀⠁·⠕⢔ ·⠁⠅⠅ ⠅⠆⠅ ⠁⠅⠁ ⠁⢅⠁·⠕⠐⠁·⠙⢄⠁·⠁⢀⠑·⢁ ⠁·⠁ ⠕·⠅⠄⠁ ⠇⠅⠇·⠅⠅⠅·⠅⢀⢑ ⠑⢔⢁∘⠁⢀⠑·⠑⢐⢑∘⢁⢔⠕·⠁⠐⠁·⠁⢐⠁·⠁⠄⠁ ⠁⠅⠁·⠅⠅│
│·⠐ ⢐·  ⢐·⢀· ·   ·⠄ ⠄· ·⡄·⠄·⠐·   · ·⢐·⠐·⢐· ·⢀·⢀   ⠅· ·   ·⠁ ⠁·   ·⢐ ⢐·⢐·⢀·⢀·⢀·⢀·⢄·⢄·⠐·⠕· ·⠁·⠁·  ⠄·   │
│⢀ ⠐⢐⠐  ⢀⠑⢀⢀ ⠁ ⠃ ⠁ ⠁    ⠂⠁ ⠑⢀⠐⢀ ⠐⠐⢐⠐⢀⠐⢀⢀⢐⠐⢀⢐  ⠐⠐ ⠑⠐⠁ ⠁          ⠐⠐ ⠐   ⠁ ⢐⢐⢐⠐⢀ ⢐⢐ ⢀⠁⢐⠐⢀ ⢀  ⠁ ⠁   ⠁   │
│·⠐ ⢀ ⠐·⢀·⢀· · · ·⠄·     · · ·⠐· · · ·⢐   ⢀·⢀·⢀·⢀· · ·⡄·     · · ·⠐·⢐· ·⢐·⢐ ⢀ ⠐·⢐·⢐·⠐·⢀· · ·     · · │
