---
source: tui-components/src/markdown/tests.rs
expression: "snapshot(source, 38, 20)"
---
"Session      Improve Markdown tables  "
"Project      external-codex           "
"Turn status  Waiting for user input   "
"──────────────────────────────────────"
"Session      Handroll picker migration"
"Project      sessions/handroll        "
"Turn status  Implementing the event   "
"             loop                     "
"                                      "
"                                      "
"                                      "
"                                      "
"                                      "
"                                      "
"                                      "
"                                      "
"                                      "
"                                      "
"                                      "
"                                      "
