---
source: tui-components/src/markdown/tests.rs
expression: "snapshot(source, 66, 22)"
---
"# Component library                                               "
"                                                                  "
"This renderer supports strong, emphasis, inline code, and links   "
"(https://nori.dev).                                               "
"                                                                  "
"> Components render from state and return typed outcomes.         "
"                                                                  "
"1. Build the picker                                               "
"2. Add adaptive tables                                            "
"  - preserve Unicode width                                        "
"  - handle narrow terminals                                       "
"                                                                  "
"  rust                                                            "
"  let picker = Picker::new(&state);                               "
"                                                                  "
"                                                                  "
"                                                                  "
"                                                                  "
"                                                                  "
"                                                                  "
"                                                                  "
"                                                                  "
