---
source: tests/blackbox_tui_test.rs
expression: terminal.backend()
---
"                                                                                                    "
"   Line 1                                                                                           "
"›  Line 2                                                                                           "
"                                                                                                    "
"Agent: Claude Code ACP                                                                              "
"                                                                                                    "
"/model: agents | /exit: quit                                                                        "
"                                                                                                    "
"                                                                                                    "
"                                                                                                    "
"                                                                                                    "
"                                                                                                    "
"                                                                                                    "
"                                                                                                    "
"                                                                                                    "
"                                                                                                    "
"                                                                                                    "
"                                                                                                    "
"                                                                                                    "
"                                                                                                    "
"                                                                                                    "
"                                                                                                    "
"                                                                                                    "
"                                                                                                    "
"                                                                                                    "
"                                                                                                    "
"                                                                                                    "
"                                                                                                    "
"                                                                                                    "
"                                                                                                    "
