---
source: tui-components/examples/picker_storybook/e2e.rs
---
││
│  \x1b[1mPicker storybook\x1b[0m            │
│  \x1b[38;5;8m/ searches · tab changes category · enter selects · q exits\x1b[39m                                                           │
│  \x1b[1mAll\x1b[0m  \x1b[38;5;3mClaude\x1b[39m  \x1b[38;5;15mCodex\x1b[39m  \x1b[38;5;4mGemini\x1b[39m  \x1b[38;5;4mAntigravity\x1b[39m  \x1b[38;5;2mNori\x1b[39m                                  \x1b[48;2;40;40;40m \x1b[1mDetails                          \x1b[0m\x1b[48;2;40;40;40m \x1b[49m    │
│  \x1b[38;5;2m⌕\x1b[39m \x1b[48;2;40;40;40m markdown                                                                \x1b[49m    \x1b[48;2;40;40;40m                                   \x1b[49m    │
│                                                                                 \x1b[48;2;40;40;40m \x1b[38;5;8mAgent\x1b[39m  Codex                      \x1b[49m    │
│  \x1b[1m \x1b[0m \x1b[1mSession\x1b[0m                        \x1b[1mType\x1b[0m          \x1b[1mProject\x1b[0m           \x1b[1mUpdated\x1b[0m       \x1b[48;2;40;40;40m \x1b[38;5;8mTurn \x1b[39m  Waiting for user input     \x1b[49m    │
│  \x1b[38;5;2m\x1b[48;2;45;45;45m›\x1b[39m Improve Markdown tables        Gemini        external-codex    18m ago   \x1b[49m    \x1b[48;2;40;40;40m                                   \x1b[49m    │
│  \x1b[48;2;45;45;45m  \x1b[38;5;8mWaiting for user input                                                   \x1b[39m\x1b[49m    \x1b[48;2;40;40;40m                                   \x1b[49m    │
│                                                                                 \x1b[48;2;40;40;40m                                   \x1b[49m    │
│                                                                                 \x1b[48;2;40;40;40m                                   \x1b[49m    │
│                                                                                 \x1b[48;2;40;40;40m                                   \x1b[49m    │
│                                                                                 \x1b[48;2;40;40;40m                                   \x1b[49m    │
│                                                                                 \x1b[48;2;40;40;40m                                   \x1b[49m    │
│                                                                                 \x1b[48;2;40;40;40m                                   \x1b[49m    │
│                                                                                 \x1b[48;2;40;40;40m                                   \x1b[49m    │
│                                                                                 \x1b[48;2;40;40;40m                                   \x1b[49m    │
│                                                                                 \x1b[48;2;40;40;40m                                   \x1b[49m    │
│                                                                                 \x1b[48;2;40;40;40m                                   \x1b[49m    │
│                                                                                 \x1b[48;2;40;40;40m                                   \x1b[49m    │
│                                                                                 \x1b[48;2;40;40;40m                                   \x1b[49m    │
│                                                                                 \x1b[48;2;40;40;40m                                   \x1b[49m    │
│                                                                                 \x1b[48;2;40;40;40m                                   \x1b[49m    │
│                                                                                 \x1b[48;2;40;40;40m                                   \x1b[49m    │
│                                                                                 \x1b[48;2;40;40;40m                                   \x1b[49m    │
│                                                                                 \x1b[48;2;40;40;40m                                   \x1b[49m    │
│                                                                                 \x1b[48;2;40;40;40m                                   \x1b[49m    │
│                                                                                 \x1b[48;2;40;40;40m                                   \x1b[49m    │
│                                                                                 \x1b[48;2;40;40;40m                                   \x1b[49m    │
│                                                                                 \x1b[48;2;40;40;40m                                   \x1b[49m    │
│                                                                                 \x1b[48;2;40;40;40m                                   \x1b[49m    │
│                                                                                 \x1b[48;2;40;40;40m                                   \x1b[49m    │
│                                                                                 \x1b[48;2;40;40;40m                                   \x1b[49m    │
│                                                                                 \x1b[48;2;40;40;40m                                   \x1b[49m    │
│                                                                                 \x1b[48;2;40;40;40m                                   \x1b[49m    │
│                                                                                 \x1b[48;2;40;40;40m                                   \x1b[49m    │
│                                                                                 \x1b[48;2;40;40;40m                                   \x1b[49m    │
│  \x1b[38;5;8m                                                 Selected: markdown                                                 \x1b[39m  │
│  \x1b[38;5;2m↑↓\x1b[39m \x1b[38;5;8mmove  \x1b[38;5;2mtype\x1b[39m \x1b[38;5;8mfilter  \x1b[38;5;2menter\x1b[39m \x1b[38;5;8mselect  \x1b[38;5;2mesc\x1b[39m \x1b[38;5;8mstop search\x1b[39m       │
││
