---
source: tui/src/bottom_pane/chat_composer/tests/mod.rs
expression: terminal.backend()
---
"                                                                                                    "
"› Ask Nori to do anything                                                                           "
"                                                                                                    "
"                                                                                                    "
"                                                                                                    "
"                                                                                                    "
"                                                                                                    "
"                                                                                                    "
"  esc again to edit previous message                                                                "
