---
source: tui/src/bottom_pane/chat_composer/tests/mod.rs
expression: terminal.backend()
---
"                                                                                                    "
"› Ask Codex to do anything                                                                          "
"                                                                                                    "
"                                                                                                    "
"                                                                                                    "
"                                                                                                    "
"                                                                                                    "
"                                                                                                    "
"  / for commands                            shift + enter for newline                               "
"  @ for file paths                          ctrl + v to paste images                                "
"  esc again to edit previous message        ctrl + g to open editor                                 "
"  ctrl + c to exit                                                                                  "
"  ctrl + t to view transcript                                                                       "
