---
source: tui/src/nori/onboarding/trust_directory.rs
expression: output
---
  You are running Nori in /workspace/project
  ▏ 1  Yes, allow Nori to work without approval                    ▕
  ▏    Allow edits and commands in this folder                     ▕
    2  No, require approval for edits and commands
       Ask before Nori changes files or runs commands
  ↑↓/j/k move  1-2 select  enter select
