---
source: tui/src/bottom_pane/mod.rs
expression: filtered
---
                                                                                                    
  Configuration                                                                                     
  Toggle TUI settings (changes saved to config.toml)                                                
  ⌕  resize reflow                                                                                  
                                                                                                    
  ▏1. Resize Reflow (on) (current)                                                               ▕  
  ▏   Reflow transcript history when the terminal width changes                                  ▕  
                                                                                                    
                                                                                                    
                                                                                                    
                                                                                                    
                                                                                                    
                                                                                                    
                                                                                                    
                                                                                                    
                                                                                                    
                                                                                                    
                                                                                                    
                                                                                                    
                                                                                                    
  ↑↓ move  type filter  enter select  esc stop search
