---
source: tui/src/bottom_pane/list_selection_view.rs
expression: "render_lines_with_width(&view, 80)"
---
                                                                                
  Select Agent                                                                  
                                                                                
› 1. ElizACP (current)  Local test ACP agent                                    
                                                                                
  Press esc to dismiss.                    Recording: ○ off  Shift-Tab to enable
