---
source: tui/src/bottom_pane/mod.rs
expression: config_render
---
                                                                                                    
  Session config                                                                                    
  Select an ACP session setting to change                                                           
                                                                                                    
  ▏1. Model (Stable)                                                                             ▕  
                                                                                                    
                                                                                                    
                                                                                                    
                                                                                                    
                                                                                                    
                                                                                                    
                                                                                                    
                                                                                                    
                                                                                                    
  ↑↓/j/k move  enter select  esc close
