---
source: tui/src/bottom_pane/list_selection_view.rs
expression: render_lines(&view)
---
                                                
  Select Approval Mode                          
  Switch between Nori approval presets          
                                                
› 1. Read Only (current)  Nori can read files   
  2. Full Access          Nori can edit files   
                                                
  ↑/k ↓/j to navigate, enter to confirm, esc to
