---
source: tui/src/resume_picker/tests.rs
expression: snapshot
---
  Resume a previous session
  All saved sessions
  ⌕  Session id or conversation
    Conversation                          Updated           Branch
    session-a                             42 seconds ago    Not reported
  › session-b                             35 minutes ago    Not reported




               ↑↓ browse  enter resume  esc start new  ctrl+c quit
