---
source: tui/src/resume_picker/tests.rs
expression: snapshot
---
  Resume a previous session
  All saved sessions
    Conversation                          Updated           Branch
    session-a                             42 seconds ago    Not reported
  › session-b                             35 minutes ago    Not reported





  ↑↓/j/k browse  f, /, ctrl+f search  enter resume  esc start new  ctrl+c quit
